// Vitest Snapshot v1, https://vitest.dev/guide/snapshot.html

exports[`definition for avatar matches the snapshot > avatar 1`] = `
{
  "events": [],
  "functions": [],
  "name": "Avatar",
  "properties": [
    {
      "description": "Text to describe the avatar for assistive technology.
When more than one avatar is used, provide a unique label for each.
For example, "User avatar" and "AI assistant avatar" or "Your avatar" and "User avatar for John Doe".
If "tooltipText" or "initials" are used make sure to include them in the "ariaLabel".
",
      "name": "ariaLabel",
      "optional": false,
      "type": "string",
    },
    {
      "defaultValue": ""default"",
      "description": "Determines the color of the avatar.
Use \`gen-ai\` for AI assistants and \`default\` otherwise.",
      "inlineType": {
        "name": "AvatarProps.Color",
        "type": "union",
        "values": [
          "default",
          "gen-ai",
        ],
      },
      "name": "color",
      "optional": true,
      "type": "string",
    },
    {
      "description": "Specifies the icon to be displayed as Avatar.
Use "gen-ai" icon for AI assistants. By default "user-profile" icon is used.
If you set both \`iconName\` and \`initials\`, \`initials\` will take precedence.
",
      "name": "iconName",
      "optional": true,
      "type": "IconProps.Name",
    },
    {
      "description": "Specifies the URL of a custom icon. Use this property if the icon you want isn't available, and your custom icon can't be an SVG.
For SVG icons, use the \`iconSvg\` slot instead.
If you set both \`iconUrl\` and \`iconSvg\`, \`iconSvg\` will take precedence.
",
      "name": "iconUrl",
      "optional": true,
      "type": "string",
    },
    {
      "description": "The text content shown directly in the avatar's body.
Can be 1 or 2 symbols long, every subsequent symbol is ignored.
Use it to define initials that uniquely identify the avatar's owner.
When you use this property, make sure to include it in the "ariaLabel".
",
      "name": "initials",
      "optional": true,
      "type": "string",
    },
    {
      "description": "When set to true, a loading indicator is shown in avatar.",
      "name": "loading",
      "optional": true,
      "type": "boolean",
    },
    {
      "description": "The text content shown in the avatar's tooltip.
When you use this property, make sure to include it in the "ariaLabel".
",
      "name": "tooltipText",
      "optional": true,
      "type": "string",
    },
  ],
  "regions": [
    {
      "description": "Specifies the SVG of a custom icon.
Use this property if the icon you want isn't available.
If you set both \`iconUrl\` and \`iconSvg\`, \`iconSvg\` will take precedence.
",
      "isDefault": false,
      "name": "iconSvg",
    },
  ],
  "releaseStatus": "stable",
}
`;
